Map_Name: 
Resloution: 0
(9, 9, 6, non)
(9, 9, 3, non)
(9, 9, 2, non)
(9, 9, 1, ob)
(9, 8, 9, non)
(9, 8, 6, non)
(9, 8, 0, ob)
(9, 7, 8, non)
(9, 7, 5, ob)
(9, 7, 4, non)
(9, 7, 3, ob)
(9, 7, 1, non)
(9, 7, 0, non)
(9, 6, 5, non)
(9, 9, 8, non)
(9, 6, 4, ob)
(9, 6, 2, ob)
(9, 5, 4, ob)
(9, 5, 1, non)
(9, 4, 5, non)
(9, 4, 3, non)
(9, 4, 1, non)
(9, 4, 0, non)
(9, 3, 9, non)
(9, 3, 7, non)
(9, 3, 5, non)
(9, 3, 4, non)
(9, 3, 0, non)
(9, 2, 6, non)
(9, 2, 5, non)
(9, 2, 4, non)
(9, 2, 2, non)
(9, 2, 0, non)
(9, 1, 8, ob)
(9, 1, 7, non)
(9, 1, 6, non)
(9, 1, 5, non)
(9, 1, 1, non)
(9, 0, 8, non)
(9, 0, 4, ob)
(9, 0, 2, non)
(9, 0, 1, non)
(8, 9, 8, non)
(8, 9, 7, non)
(8, 9, 5, ob)
(9, 2, 7, non)
(8, 9, 3, non)
(8, 9, 1, ob)
(8, 8, 9, non)
(8, 8, 7, non)
(8, 8, 4, non)
(8, 8, 3, non)
(8, 8, 1, non)
(8, 7, 9, non)
(8, 7, 6, non)
(8, 7, 5, non)
(8, 7, 4, non)
(8, 7, 3, non)
(8, 7, 1, non)
(8, 7, 0, ob)
(8, 6, 4, non)
(8, 6, 3, ob)
(8, 6, 2, non)
(8, 6, 0, non)
(9, 4, 2, non)
(8, 5, 8, non)
(8, 5, 5, non)
(8, 5, 4, non)
(8, 5, 1, non)
(8, 4, 9, non)
(8, 4, 7, ob)
(8, 4, 4, ob)
(8, 4, 0, non)
(8, 3, 6, ob)
(8, 3, 5, non)
(8, 3, 4, non)
(8, 3, 3, non)
(8, 3, 0, non)
(8, 2, 6, non)
(8, 2, 5, non)
(9, 2, 9, ob)
(8, 2, 4, ob)
(8, 2, 1, non)
(8, 2, 0, ob)
(8, 1, 8, non)
(8, 1, 7, non)
(8, 1, 4, ob)
(8, 1, 3, non)
(8, 1, 1, non)
(8, 1, 0, ob)
(8, 3, 9, non)
(8, 0, 9, non)
(8, 0, 8, ob)
(8, 0, 7, non)
(8, 0, 4, ob)
(8, 8, 8, non)
(8, 0, 2, non)
(7, 9, 3, non)
(7, 9, 1, non)
(7, 8, 8, non)
(7, 8, 6, non)
(7, 8, 4, ob)
(7, 8, 0, non)
(7, 7, 9, non)
(9, 0, 7, non)
(7, 7, 7, ob)
(7, 7, 6, non)
(7, 7, 4, ob)
(7, 7, 3, non)
(7, 7, 1, non)
(7, 6, 9, non)
(7, 6, 7, non)
(7, 6, 5, non)
(8, 1, 2, non)
(7, 6, 3, non)
(7, 6, 2, ob)
(7, 6, 1, non)
(7, 7, 5, non)
(7, 6, 0, non)
(7, 5, 7, ob)
(7, 5, 5, non)
(7, 5, 3, non)
(7, 5, 2, non)
(7, 4, 9, non)
(7, 4, 7, non)
(7, 4, 1, non)
(8, 9, 4, ob)
(7, 3, 9, non)
(7, 3, 8, non)
(7, 3, 7, non)
(7, 3, 5, non)
(7, 3, 3, non)
(7, 3, 2, non)
(7, 3, 1, non)
(7, 3, 0, non)
(7, 2, 9, non)
(7, 2, 7, non)
(7, 2, 6, non)
(7, 2, 5, non)
(7, 2, 1, non)
(7, 2, 0, ob)
(7, 1, 4, non)
(7, 1, 1, non)
(7, 1, 0, non)
(7, 0, 9, non)
(7, 0, 6, non)
(7, 0, 5, non)
(7, 0, 3, non)
(7, 0, 2, non)
(7, 0, 1, non)
(6, 9, 7, non)
(6, 9, 5, ob)
(7, 8, 5, non)
(6, 9, 4, non)
(8, 1, 5, non)
(6, 9, 1, non)
(8, 2, 8, non)
(6, 8, 9, non)
(6, 8, 7, non)
(6, 8, 6, non)
(6, 8, 4, non)
(6, 8, 2, non)
(6, 9, 8, non)
(6, 8, 1, non)
(6, 8, 0, non)
(6, 7, 9, non)
(6, 7, 7, non)
(6, 7, 3, ob)
(6, 7, 2, ob)
(6, 7, 1, non)
(9, 0, 9, ob)
(6, 6, 8, non)
(6, 6, 6, non)
(6, 6, 4, non)
(8, 2, 9, ob)
(6, 6, 2, non)
(6, 6, 1, non)
(6, 6, 0, non)
(6, 5, 8, non)
(6, 5, 6, non)
(6, 7, 4, ob)
(6, 5, 2, non)
(6, 5, 1, ob)
(6, 5, 0, ob)
(7, 2, 4, non)
(6, 4, 8, non)
(6, 6, 9, non)
(6, 4, 4, non)
(6, 4, 3, non)
(8, 6, 8, ob)
(6, 4, 2, ob)
(6, 3, 9, ob)
(9, 4, 7, non)
(6, 3, 7, non)
(6, 3, 5, non)
(6, 3, 4, non)
(7, 5, 0, non)
(6, 3, 3, non)
(6, 2, 8, ob)
(6, 2, 7, non)
(6, 7, 5, non)
(6, 2, 6, non)
(6, 2, 5, non)
(6, 2, 3, non)
(6, 2, 2, non)
(6, 2, 1, non)
(6, 2, 0, non)
(6, 1, 9, non)
(6, 1, 4, ob)
(6, 1, 3, ob)
(6, 1, 0, non)
(6, 0, 9, non)
(6, 0, 8, non)
(6, 0, 7, non)
(6, 0, 4, non)
(6, 0, 3, non)
(9, 5, 2, ob)
(6, 0, 2, ob)
(6, 0, 1, non)
(6, 0, 0, non)
(5, 9, 5, non)
(5, 9, 4, ob)
(7, 0, 0, non)
(5, 9, 3, non)
(5, 9, 1, non)
(5, 9, 0, non)
(5, 8, 9, non)
(5, 8, 8, non)
(5, 8, 7, ob)
(5, 8, 6, non)
(5, 8, 5, non)
(5, 8, 1, ob)
(5, 7, 8, ob)
(5, 7, 6, non)
(5, 7, 4, non)
(5, 7, 3, non)
(8, 4, 8, non)
(8, 3, 7, ob)
(5, 7, 2, non)
(5, 7, 0, non)
(5, 6, 7, non)
(9, 2, 3, non)
(5, 6, 6, non)
(7, 5, 1, non)
(5, 6, 5, non)
(5, 6, 4, non)
(5, 6, 3, non)
(8, 5, 3, non)
(5, 6, 2, non)
(5, 6, 1, non)
(5, 6, 0, non)
(8, 2, 7, ob)
(5, 5, 9, non)
(5, 5, 8, non)
(7, 5, 9, ob)
(5, 5, 6, non)
(8, 2, 3, ob)
(6, 3, 2, non)
(5, 5, 4, ob)
(5, 5, 2, ob)
(5, 4, 9, non)
(5, 4, 8, non)
(5, 4, 7, non)
(8, 8, 2, non)
(5, 4, 5, non)
(5, 4, 4, non)
(5, 4, 3, ob)
(0, 3, 3, non)
(4, 5, 0, non)
(7, 0, 8, non)
(2, 5, 1, non)
(0, 5, 8, non)
(2, 5, 0, non)
(0, 5, 2, non)
(1, 8, 7, non)
(2, 4, 5, ob)
(9, 3, 3, ob)
(3, 8, 4, ob)
(8, 6, 6, non)
(2, 4, 4, non)
(2, 3, 8, non)
(2, 1, 6, non)
(6, 3, 0, non)
(2, 3, 5, ob)
(7, 2, 2, non)
(2, 3, 4, non)
(2, 3, 3, ob)
(1, 0, 2, non)
(3, 2, 5, non)
(3, 8, 9, non)
(3, 1, 2, non)
(2, 2, 8, non)
(3, 5, 7, ob)
(7, 4, 2, non)
(2, 2, 7, non)
(2, 2, 5, non)
(6, 7, 6, non)
(5, 9, 8, non)
(2, 1, 7, non)
(8, 8, 5, ob)
(2, 3, 2, non)
(2, 6, 9, non)
(1, 0, 6, non)
(2, 2, 2, non)
(4, 0, 2, non)
(9, 3, 6, non)
(7, 4, 0, non)
(7, 2, 8, ob)
(2, 0, 4, non)
(2, 0, 1, non)
(2, 4, 6, non)
(8, 5, 7, ob)
(0, 8, 9, non)
(9, 8, 2, non)
(9, 0, 0, non)
(7, 6, 6, non)
(2, 3, 6, non)
(1, 9, 8, non)
(0, 7, 9, ob)
(0, 2, 4, non)
(4, 1, 7, non)
(1, 9, 6, non)
(4, 0, 1, non)
(4, 2, 7, non)
(2, 0, 2, non)
(4, 2, 1, ob)
(7, 5, 8, non)
(7, 4, 4, non)
(1, 9, 2, non)
(1, 1, 1, ob)
(8, 5, 0, non)
(1, 9, 0, non)
(9, 5, 5, non)
(5, 8, 4, non)
(5, 1, 8, non)
(4, 3, 6, non)
(1, 8, 9, non)
(4, 9, 2, non)
(2, 4, 8, non)
(3, 6, 3, non)
(1, 8, 3, non)
(0, 7, 3, non)
(1, 8, 0, non)
(0, 4, 8, non)
(0, 5, 1, ob)
(6, 1, 8, non)
(1, 7, 9, ob)
(9, 3, 8, non)
(5, 0, 5, non)
(1, 7, 6, ob)
(1, 7, 5, non)
(7, 6, 4, non)
(1, 8, 8, non)
(1, 7, 0, non)
(1, 6, 9, non)
(9, 1, 3, non)
(0, 0, 8, non)
(1, 6, 8, ob)
(1, 6, 5, non)
(9, 3, 2, non)
(1, 6, 1, non)
(3, 0, 9, non)
(1, 1, 5, non)
(9, 5, 7, non)
(2, 4, 1, non)
(7, 3, 6, non)
(6, 8, 3, non)
(1, 6, 0, ob)
(9, 6, 1, non)
(2, 1, 3, ob)
(0, 2, 3, non)
(2, 2, 6, non)
(8, 3, 8, ob)
(1, 5, 4, ob)
(1, 0, 5, non)
(9, 8, 4, non)
(1, 5, 1, non)
(1, 4, 9, non)
(1, 9, 1, non)
(7, 1, 5, non)
(5, 9, 7, non)
(1, 4, 8, non)
(6, 5, 9, ob)
(2, 8, 2, non)
(6, 6, 3, non)
(0, 2, 9, non)
(1, 4, 1, ob)
(1, 3, 9, non)
(1, 3, 8, ob)
(6, 1, 7, non)
(2, 0, 3, non)
(0, 7, 7, non)
(9, 8, 5, non)
(2, 6, 5, non)
(2, 4, 9, non)
(7, 1, 7, non)
(0, 5, 0, ob)
(3, 3, 4, non)
(1, 2, 9, non)
(1, 8, 5, ob)
(1, 3, 6, non)
(8, 4, 2, non)
(1, 3, 7, non)
(0, 7, 0, non)
(9, 5, 6, non)
(1, 8, 2, non)
(1, 3, 4, non)
(3, 8, 1, ob)
(1, 4, 5, non)
(0, 8, 7, non)
(1, 4, 2, ob)
(1, 3, 2, ob)
(8, 7, 8, non)
(4, 5, 6, non)
(1, 3, 1, non)
(1, 5, 9, non)
(0, 5, 7, non)
(7, 2, 3, non)
(2, 9, 1, non)
(4, 9, 8, non)
(5, 7, 9, non)
(0, 8, 5, non)
(1, 2, 7, non)
(2, 2, 9, ob)
(1, 0, 1, non)
(6, 3, 1, non)
(0, 3, 8, ob)
(1, 2, 3, non)
(3, 2, 8, non)
(9, 9, 7, ob)
(7, 4, 3, non)
(0, 3, 4, ob)
(4, 5, 4, non)
(0, 7, 2, non)
(6, 9, 0, non)
(0, 7, 5, non)
(9, 9, 9, non)
(0, 4, 9, non)
(8, 6, 1, non)
(1, 3, 0, non)
(4, 7, 1, non)
(0, 1, 9, non)
(4, 1, 2, ob)
(1, 1, 8, non)
(7, 9, 4, non)
(4, 1, 0, ob)
(4, 7, 0, non)
(9, 1, 9, non)
(1, 2, 2, non)
(8, 7, 7, non)
(0, 3, 7, non)
(0, 0, 6, ob)
(2, 9, 0, non)
(1, 7, 3, ob)
(4, 4, 4, non)
(6, 1, 1, non)
(2, 5, 2, non)
(7, 1, 6, non)
(2, 4, 2, non)
(0, 0, 1, non)
(1, 1, 7, non)
(0, 0, 4, non)
(0, 4, 0, non)
(0, 7, 8, non)
(7, 8, 3, non)
(0, 1, 7, non)
(6, 6, 7, non)
(2, 8, 1, non)
(2, 1, 9, non)
(3, 1, 4, non)
(3, 7, 1, ob)
(0, 4, 3, non)
(9, 8, 7, non)
(1, 9, 5, non)
(8, 2, 2, non)
(3, 9, 0, non)
(2, 0, 9, non)
(0, 1, 2, non)
(0, 2, 0, non)
(1, 6, 2, non)
(0, 5, 6, ob)
(2, 4, 3, non)
(1, 4, 6, non)
(1, 3, 5, ob)
(2, 7, 6, non)
(4, 3, 1, ob)
(7, 9, 9, non)
(0, 0, 7, non)
(5, 5, 5, non)
(0, 1, 8, non)
(0, 5, 3, non)
(5, 2, 3, non)
(4, 1, 8, non)
(1, 0, 4, non)
(1, 7, 1, non)
(2, 6, 0, non)
(3, 1, 1, non)
(9, 1, 0, non)
(1, 4, 3, non)
(0, 3, 0, non)
(8, 3, 2, non)
(0, 6, 7, non)
(0, 9, 6, non)
(3, 2, 3, non)
(9, 5, 8, non)
(0, 9, 2, non)
(0, 0, 0, ob)
(8, 4, 5, non)
(0, 3, 1, ob)
(0, 1, 0, non)
(2, 5, 7, non)
(4, 6, 9, ob)
(2, 2, 4, ob)
(0, 1, 5, non)
(6, 4, 5, ob)
(1, 4, 4, ob)
(2, 3, 1, non)
(8, 1, 6, non)
(2, 5, 3, non)
(4, 0, 7, ob)
(8, 0, 3, non)
(1, 7, 2, non)
(2, 6, 3, non)
(0, 1, 6, non)
(4, 4, 1, ob)
(0, 9, 0, non)
(5, 7, 1, ob)
(0, 8, 1, non)
(3, 7, 3, non)
(7, 8, 9, ob)
(0, 3, 5, non)
(0, 6, 5, non)
(8, 6, 9, ob)
(7, 1, 8, non)
(4, 7, 4, non)
(6, 5, 5, non)
(1, 7, 7, non)
(1, 7, 4, ob)
(3, 9, 6, ob)
(1, 0, 9, non)
(2, 1, 5, non)
(2, 1, 2, non)
(9, 7, 6, non)
(4, 9, 7, non)
(1, 1, 0, non)
(6, 2, 9, ob)
(0, 2, 2, non)
(0, 6, 2, non)
(9, 4, 9, non)
(1, 2, 4, non)
(3, 6, 7, non)
(0, 9, 8, non)
(8, 9, 0, non)
(0, 2, 5, non)
(3, 0, 0, non)
(2, 0, 5, non)
(0, 6, 3, non)
(5, 4, 1, non)
(1, 6, 4, ob)
(9, 6, 7, non)
(9, 4, 6, ob)
(0, 9, 7, ob)
(9, 5, 0, non)
(3, 0, 4, non)
(0, 8, 2, ob)
(2, 0, 7, non)
(2, 5, 8, non)
(3, 3, 8, non)
(0, 3, 2, non)
(2, 0, 6, non)
(1, 8, 1, non)
(1, 6, 7, non)
(0, 2, 7, non)
(9, 8, 3, non)
(4, 8, 2, non)
(0, 4, 4, non)
(7, 4, 8, non)
(2, 0, 8, non)
(1, 6, 3, non)
(5, 3, 8, non)
(6, 9, 9, ob)
(0, 6, 8, non)
(9, 8, 8, ob)
(6, 8, 5, non)
(5, 1, 0, ob)
(0, 1, 4, non)
(9, 2, 1, ob)
(1, 5, 2, non)
(0, 1, 3, non)
(1, 9, 9, ob)
(7, 0, 4, non)
(5, 8, 3, non)
(1, 2, 1, non)
(2, 7, 8, non)
(7, 1, 2, non)
(0, 2, 8, ob)
(7, 9, 2, ob)
(6, 1, 2, ob)
(0, 5, 9, non)
(0, 6, 0, non)
(2, 1, 1, non)
(3, 0, 5, non)
(9, 6, 0, non)
(1, 9, 7, non)
(0, 6, 1, ob)
(4, 0, 0, ob)
(8, 8, 0, non)
(0, 7, 6, non)
(8, 3, 1, ob)
(0, 3, 6, non)
(0, 6, 4, ob)
(5, 4, 2, non)
(3, 7, 6, non)
(0, 9, 4, non)
(8, 5, 6, non)
(7, 7, 8, non)
(7, 6, 8, non)
(6, 4, 0, non)
(4, 8, 6, ob)
(7, 3, 4, non)
(1, 8, 4, non)
(0, 6, 9, non)
(2, 1, 4, non)
(3, 2, 9, ob)
(1, 6, 6, non)
(0, 7, 1, non)
(6, 4, 7, ob)
(4, 9, 9, non)
(0, 8, 3, non)
(3, 9, 2, non)
(4, 3, 2, non)
(0, 3, 9, non)
(3, 7, 9, ob)
(9, 3, 1, non)
(0, 8, 6, non)
(8, 8, 6, non)
(1, 3, 3, non)
(0, 9, 3, ob)
(0, 2, 6, non)
(0, 8, 8, non)
(7, 8, 1, ob)
(1, 1, 2, non)
(7, 8, 7, non)
(2, 5, 4, ob)
(7, 0, 7, ob)
(2, 4, 7, non)
(7, 9, 7, non)
(1, 0, 8, non)
(2, 3, 7, non)
(9, 1, 2, non)
(3, 4, 9, non)
(0, 9, 5, non)
(0, 0, 2, non)
(0, 6, 6, non)
(1, 0, 7, non)
(3, 7, 8, ob)
(0, 4, 6, non)
(9, 4, 8, non)
(1, 1, 3, ob)
(1, 1, 9, ob)
(9, 1, 4, non)
(2, 4, 0, ob)
(9, 9, 5, non)
(6, 6, 5, non)
(1, 5, 0, non)
(4, 7, 8, non)
(4, 7, 3, non)
(6, 3, 6, non)
(1, 5, 5, non)
(6, 1, 5, non)
(1, 4, 0, ob)
(1, 1, 6, ob)
(9, 7, 2, non)
(6, 0, 5, non)
(1, 7, 8, non)
(0, 9, 9, non)
(8, 5, 9, ob)
(6, 5, 7, non)
(4, 7, 9, non)
(9, 9, 0, non)
(9, 6, 8, ob)
(1, 2, 5, non)
(2, 5, 9, non)
(6, 2, 4, non)
(2, 6, 4, ob)
(2, 3, 9, non)
(4, 6, 0, non)
(7, 9, 5, non)
(1, 0, 3, non)
(2, 6, 6, non)
(7, 9, 0, non)
(0, 8, 4, non)
(4, 1, 1, non)
(8, 0, 1, ob)
(2, 6, 7, non)
(4, 5, 9, non)
(2, 6, 8, non)
(2, 7, 0, non)
(9, 0, 3, non)
(5, 2, 5, non)
(3, 6, 1, non)
(5, 7, 5, non)
(5, 4, 6, non)
(2, 7, 1, non)
(5, 8, 2, non)
(3, 5, 4, non)
(7, 7, 2, non)
(5, 9, 2, non)
(2, 3, 0, non)
(2, 7, 2, non)
(3, 3, 6, non)
(2, 7, 3, non)
(0, 0, 3, non)
(5, 3, 1, non)
(2, 5, 5, non)
(2, 7, 4, non)
(5, 5, 7, non)
(2, 7, 7, non)
(2, 9, 7, non)
(3, 8, 8, ob)
(4, 4, 8, non)
(6, 4, 9, non)
(2, 7, 9, non)
(2, 8, 3, non)
(2, 8, 4, non)
(7, 1, 9, non)
(5, 1, 6, non)
(5, 5, 1, non)
(2, 8, 5, non)
(2, 8, 6, non)
(3, 5, 9, ob)
(2, 8, 7, non)
(8, 6, 7, non)
(2, 8, 8, non)
(3, 3, 3, ob)
(5, 9, 9, ob)
(2, 8, 9, non)
(2, 9, 2, non)
(1, 4, 7, non)
(2, 9, 3, non)
(1, 9, 3, ob)
(4, 9, 1, non)
(2, 9, 4, non)
(8, 5, 2, non)
(7, 4, 6, non)
(0, 4, 2, non)
(2, 9, 5, non)
(8, 9, 2, non)
(7, 9, 6, non)
(6, 0, 6, non)
(1, 5, 8, non)
(2, 9, 6, non)
(1, 2, 0, non)
(2, 9, 8, ob)
(5, 5, 3, non)
(2, 9, 9, non)
(3, 4, 6, non)
(3, 0, 2, non)
(3, 8, 5, non)
(3, 9, 1, non)
(4, 4, 3, non)
(3, 0, 3, non)
(3, 0, 6, ob)
(6, 5, 3, ob)
(3, 0, 7, non)
(3, 4, 5, ob)
(3, 1, 3, non)
(6, 8, 8, non)
(3, 1, 5, non)
(8, 4, 1, non)
(3, 1, 6, non)
(3, 1, 7, non)
(3, 7, 7, non)
(3, 1, 8, non)
(3, 0, 8, ob)
(4, 5, 8, ob)
(3, 1, 9, ob)
(3, 2, 0, ob)
(3, 2, 1, non)
(9, 5, 9, non)
(3, 2, 2, ob)
(3, 2, 4, non)
(3, 2, 6, non)
(8, 7, 2, non)
(3, 2, 7, non)
(3, 3, 0, non)
(3, 3, 1, non)
(8, 4, 6, non)
(6, 4, 1, non)
(3, 3, 2, non)
(3, 3, 5, non)
(3, 3, 7, non)
(3, 7, 5, non)
(9, 8, 1, non)
(3, 3, 9, non)
(3, 4, 0, non)
(8, 4, 3, non)
(8, 0, 0, non)
(3, 4, 1, non)
(3, 4, 2, ob)
(4, 5, 1, ob)
(2, 6, 1, ob)
(2, 6, 2, non)
(3, 4, 4, non)
(3, 4, 7, non)
(4, 2, 8, non)
(3, 4, 8, non)
(3, 5, 0, non)
(4, 6, 5, non)
(3, 6, 0, non)
(6, 1, 6, non)
(5, 6, 8, non)
(3, 5, 1, non)
(2, 8, 0, non)
(3, 5, 2, non)
(3, 5, 3, ob)
(3, 6, 9, non)
(4, 5, 3, non)
(5, 2, 1, non)
(0, 0, 9, non)
(3, 5, 5, non)
(3, 5, 6, non)
(6, 3, 8, non)
(4, 8, 5, non)
(8, 9, 9, ob)
(5, 7, 7, non)
(3, 5, 8, non)
(3, 6, 2, non)
(0, 4, 5, non)
(3, 6, 4, non)
(4, 4, 6, non)
(7, 1, 3, non)
(6, 7, 8, non)
(3, 6, 5, non)
(4, 0, 9, ob)
(4, 1, 3, non)
(3, 6, 6, non)
(4, 2, 9, non)
(8, 0, 5, non)
(3, 6, 8, non)
(4, 8, 8, non)
(1, 5, 7, non)
(3, 7, 0, ob)
(9, 7, 7, non)
(2, 2, 1, ob)
(3, 7, 2, non)
(3, 7, 4, non)
(7, 5, 6, non)
(7, 5, 4, ob)
(3, 8, 0, ob)
(8, 9, 6, non)
(3, 8, 2, ob)
(9, 9, 4, non)
(3, 9, 9, non)
(4, 4, 9, non)
(3, 8, 3, non)
(3, 8, 6, non)
(3, 8, 7, non)
(5, 1, 1, non)
(3, 9, 7, non)
(1, 9, 4, non)
(5, 1, 9, ob)
(3, 9, 8, non)
(0, 5, 5, non)
(4, 0, 3, non)
(4, 0, 4, non)
(1, 2, 8, non)
(4, 0, 5, non)
(4, 0, 6, non)
(5, 5, 0, non)
(3, 9, 3, non)
(5, 1, 3, ob)
(4, 1, 4, non)
(5, 6, 9, ob)
(4, 1, 5, non)
(6, 4, 6, non)
(4, 1, 6, non)
(4, 2, 0, non)
(4, 1, 9, non)
(1, 2, 6, non)
(4, 2, 2, non)
(4, 3, 3, ob)
(4, 2, 5, non)
(4, 3, 0, non)
(5, 3, 3, non)
(4, 2, 6, non)
(4, 3, 4, non)
(8, 0, 6, ob)
(1, 1, 4, non)
(5, 0, 0, ob)
(0, 9, 1, non)
(4, 3, 5, non)
(4, 3, 7, non)
(3, 9, 5, non)
(4, 3, 8, non)
(9, 5, 3, non)
(4, 2, 4, non)
(5, 0, 2, non)
(0, 5, 4, non)
(3, 0, 1, non)
(4, 3, 9, non)
(0, 2, 1, ob)
(4, 4, 0, non)
(4, 4, 2, non)
(2, 1, 8, non)
(4, 4, 5, non)
(4, 6, 1, non)
(4, 4, 7, non)
(1, 5, 3, non)
(1, 5, 6, non)
(3, 1, 0, non)
(4, 5, 2, non)
(9, 7, 9, non)
(4, 5, 7, non)
(4, 6, 3, non)
(6, 5, 4, ob)
(2, 2, 3, non)
(4, 6, 6, ob)
(9, 0, 5, ob)
(1, 8, 6, non)
(4, 6, 7, non)
(4, 6, 8, non)
(4, 7, 2, ob)
(9, 6, 9, non)
(8, 1, 9, non)
(4, 7, 5, non)
(4, 7, 6, non)
(3, 4, 3, non)
(4, 5, 5, non)
(4, 7, 7, non)
(7, 9, 8, non)
(0, 4, 1, non)
(4, 8, 0, non)
(9, 2, 8, non)
(9, 0, 6, ob)
(2, 1, 0, non)
(0, 8, 0, non)
(4, 8, 1, non)
(4, 0, 8, non)
(4, 8, 3, non)
(4, 8, 4, ob)
(4, 6, 2, non)
(4, 8, 7, non)
(8, 6, 5, ob)
(7, 4, 5, non)
(4, 8, 9, non)
(4, 9, 0, non)
(2, 0, 0, non)
(4, 2, 3, ob)
(4, 9, 3, non)
(4, 9, 4, non)
(4, 9, 5, non)
(6, 9, 2, non)
(4, 9, 6, non)
(5, 8, 0, ob)
(0, 0, 5, non)
(5, 0, 1, non)
(4, 6, 4, non)
(5, 0, 3, non)
(5, 0, 4, non)
(5, 0, 6, non)
(5, 0, 7, non)
(9, 6, 6, non)
(5, 0, 8, non)
(5, 0, 9, non)
(5, 1, 5, non)
(9, 4, 4, non)
(0, 4, 7, non)
(5, 1, 2, ob)
(0, 7, 4, ob)
(5, 1, 4, ob)
(6, 9, 3, non)
(5, 1, 7, ob)
(5, 2, 0, non)
(5, 2, 2, non)
(5, 2, 4, non)
(2, 2, 0, ob)
(1, 0, 0, non)
(5, 2, 6, non)
(6, 9, 6, non)
(5, 9, 6, non)
(5, 2, 7, non)
(3, 9, 4, non)
(5, 2, 8, non)
(5, 2, 9, non)
(5, 3, 0, ob)
(6, 7, 0, non)
(5, 3, 2, non)
(5, 3, 4, non)
(9, 6, 3, non)
(5, 3, 5, non)
(7, 8, 2, non)
(5, 3, 6, non)
(0, 1, 1, non)
(5, 3, 7, non)
(7, 7, 0, non)
(2, 7, 5, non)
(5, 3, 9, non)
(2, 5, 6, non)
(5, 4, 0, non)
